
> pharma-dashboard-backend@1.0.0 test
> jest

node.exe : FAIL src/__tests__/security.test.js
No linha:1 caractere:1
+ & "C:\Program Files\nodejs/node.exe" "C:\Program Files\nodejs/node_mo ...
+ ~~~~~~~~~~~~~~~~~~~~~~~~~~~~~~~~~~~~~~~~~~~~~~~~~~~~~~~~~~~~~~~~~~~~~
    + CategoryInfo          : NotSpecified: (FAIL src/__tests__/security.test.js:String) [], RemoteException
    + FullyQualifiedErrorId : NativeCommandError
 
  Testes de Seguran├ºa
    Prote├º├úo XSS
      ├ù Deve sanitizar input com script malicioso (5 ms)
    Headers de Seguran├ºa
      ├ù Deve incluir headers de seguran├ºa (Helmet)
      ├ù Deve ter Content-Security-Policy configurado
    Valida├º├úo de Inputs
      ├ù Deve rejeitar email inv├ílido no registro
      ├ù Deve rejeitar senha muito curta
    Prote├º├úo de Dados Sens├¡veis
      ├ù Senha N├âO deve ser retornada na resposta
      ├ù Lista de usu├írios N├âO deve incluir senhas
    CORS
      ├ù Deve incluir headers CORS

  ÔùÅ Testes de Seguran├ºa ÔÇ║ Prote├º├úo XSS ÔÇ║ Deve sanitizar input com script malicioso



    [0m [90m 21 |[39m     })[33m;[39m
     [90m 22 |[39m
    [31m[1m>[22m[39m[90m 23 |[39m     user [33m=[39m [36mawait[39m [33mUsuario[39m[33m.[39mcreate({
     [90m    |[39m            [31m[1m^[22m[39m
     [90m 24 |[39m       empresa_id[33m:[39m empresa[33m.[39mid[33m,[39m
     [90m 25 |[39m       nome[33m:[39m [32m'User Seguran├ºa'[39m[33m,[39m
     [90m 26 |[39m       email[33m:[39m [32m'user@test.com'[39m[33m,[39m[0m

      at Query.run (node_modules/sequelize/src/dialects/postgres/query.js:76:25)
      at node_modules/sequelize/src/sequelize.js:650:28
      at PostgresQueryInterface.insert (node_modules/sequelize/src/dialects/abstract/query-interface.js:795:21)
      at model.save (node_modules/sequelize/src/model.js:4154:35)
      at Usuario.create (node_modules/sequelize/src/model.js:2305:12)
      at Object.<anonymous> (src/__tests__/security.test.js:23:12)

  ÔùÅ Testes de Seguran├ºa ÔÇ║ Headers de Seguran├ºa ÔÇ║ Deve incluir headers de seguran├ºa (Helmet)



    [0m [90m 21 |[39m     })[33m;[39m
     [90m 22 |[39m
    [31m[1m>[22m[39m[90m 23 |[39m     user [33m=[39m [36mawait[39m [33mUsuario[39m[33m.[39mcreate({
     [90m    |[39m            [31m[1m^[22m[39m
     [90m 24 |[39m       empresa_id[33m:[39m empresa[33m.[39mid[33m,[39m
     [90m 25 |[39m       nome[33m:[39m [32m'User Seguran├ºa'[39m[33m,[39m
     [90m 26 |[39m       email[33m:[39m [32m'user@test.com'[39m[33m,[39m[0m

      at Query.run (node_modules/sequelize/src/dialects/postgres/query.js:76:25)
      at node_modules/sequelize/src/sequelize.js:650:28
      at PostgresQueryInterface.insert (node_modules/sequelize/src/dialects/abstract/query-interface.js:795:21)
      at model.save (node_modules/sequelize/src/model.js:4154:35)
      at Usuario.create (node_modules/sequelize/src/model.js:2305:12)
      at Object.<anonymous> (src/__tests__/security.test.js:23:12)

  ÔùÅ Testes de Seguran├ºa ÔÇ║ Headers de Seguran├ºa ÔÇ║ Deve ter Content-Security-Policy configurado



    [0m [90m 21 |[39m     })[33m;[39m
     [90m 22 |[39m
    [31m[1m>[22m[39m[90m 23 |[39m     user [33m=[39m [36mawait[39m [33mUsuario[39m[33m.[39mcreate({
     [90m    |[39m            [31m[1m^[22m[39m
     [90m 24 |[39m       empresa_id[33m:[39m empresa[33m.[39mid[33m,[39m
     [90m 25 |[39m       nome[33m:[39m [32m'User Seguran├ºa'[39m[33m,[39m
     [90m 26 |[39m       email[33m:[39m [32m'user@test.com'[39m[33m,[39m[0m

      at Query.run (node_modules/sequelize/src/dialects/postgres/query.js:76:25)
      at node_modules/sequelize/src/sequelize.js:650:28
      at PostgresQueryInterface.insert (node_modules/sequelize/src/dialects/abstract/query-interface.js:795:21)
      at model.save (node_modules/sequelize/src/model.js:4154:35)
      at Usuario.create (node_modules/sequelize/src/model.js:2305:12)
      at Object.<anonymous> (src/__tests__/security.test.js:23:12)

  ÔùÅ Testes de Seguran├ºa ÔÇ║ Valida├º├úo de Inputs ÔÇ║ Deve rejeitar email inv├ílido no registro



    [0m [90m 21 |[39m     })[33m;[39m
     [90m 22 |[39m
    [31m[1m>[22m[39m[90m 23 |[39m     user [33m=[39m [36mawait[39m [33mUsuario[39m[33m.[39mcreate({
     [90m    |[39m            [31m[1m^[22m[39m
     [90m 24 |[39m       empresa_id[33m:[39m empresa[33m.[39mid[33m,[39m
     [90m 25 |[39m       nome[33m:[39m [32m'User Seguran├ºa'[39m[33m,[39m
     [90m 26 |[39m       email[33m:[39m [32m'user@test.com'[39m[33m,[39m[0m

      at Query.run (node_modules/sequelize/src/dialects/postgres/query.js:76:25)
      at node_modules/sequelize/src/sequelize.js:650:28
      at PostgresQueryInterface.insert (node_modules/sequelize/src/dialects/abstract/query-interface.js:795:21)
      at model.save (node_modules/sequelize/src/model.js:4154:35)
      at Usuario.create (node_modules/sequelize/src/model.js:2305:12)
      at Object.<anonymous> (src/__tests__/security.test.js:23:12)

  ÔùÅ Testes de Seguran├ºa ÔÇ║ Valida├º├úo de Inputs ÔÇ║ Deve rejeitar senha muito curta



    [0m [90m 21 |[39m     })[33m;[39m
     [90m 22 |[39m
    [31m[1m>[22m[39m[90m 23 |[39m     user [33m=[39m [36mawait[39m [33mUsuario[39m[33m.[39mcreate({
     [90m    |[39m            [31m[1m^[22m[39m
     [90m 24 |[39m       empresa_id[33m:[39m empresa[33m.[39mid[33m,[39m
     [90m 25 |[39m       nome[33m:[39m [32m'User Seguran├ºa'[39m[33m,[39m
     [90m 26 |[39m       email[33m:[39m [32m'user@test.com'[39m[33m,[39m[0m

      at Query.run (node_modules/sequelize/src/dialects/postgres/query.js:76:25)
      at node_modules/sequelize/src/sequelize.js:650:28
      at PostgresQueryInterface.insert (node_modules/sequelize/src/dialects/abstract/query-interface.js:795:21)
      at model.save (node_modules/sequelize/src/model.js:4154:35)
      at Usuario.create (node_modules/sequelize/src/model.js:2305:12)
      at Object.<anonymous> (src/__tests__/security.test.js:23:12)

  ÔùÅ Testes de Seguran├ºa ÔÇ║ Prote├º├úo de Dados Sens├¡veis ÔÇ║ Senha N├âO deve ser retornada na resposta



    [0m [90m 21 |[39m     })[33m;[39m
     [90m 22 |[39m
    [31m[1m>[22m[39m[90m 23 |[39m     user [33m=[39m [36mawait[39m [33mUsuario[39m[33m.[39mcreate({
     [90m    |[39m            [31m[1m^[22m[39m
     [90m 24 |[39m       empresa_id[33m:[39m empresa[33m.[39mid[33m,[39m
     [90m 25 |[39m       nome[33m:[39m [32m'User Seguran├ºa'[39m[33m,[39m
     [90m 26 |[39m       email[33m:[39m [32m'user@test.com'[39m[33m,[39m[0m

      at Query.run (node_modules/sequelize/src/dialects/postgres/query.js:76:25)
      at node_modules/sequelize/src/sequelize.js:650:28
      at PostgresQueryInterface.insert (node_modules/sequelize/src/dialects/abstract/query-interface.js:795:21)
      at model.save (node_modules/sequelize/src/model.js:4154:35)
      at Usuario.create (node_modules/sequelize/src/model.js:2305:12)
      at Object.<anonymous> (src/__tests__/security.test.js:23:12)

  ÔùÅ Testes de Seguran├ºa ÔÇ║ Prote├º├úo de Dados Sens├¡veis ÔÇ║ Lista de usu├írios N├âO deve incluir senhas



    [0m [90m 21 |[39m     })[33m;[39m
     [90m 22 |[39m
    [31m[1m>[22m[39m[90m 23 |[39m     user [33m=[39m [36mawait[39m [33mUsuario[39m[33m.[39mcreate({
     [90m    |[39m            [31m[1m^[22m[39m
     [90m 24 |[39m       empresa_id[33m:[39m empresa[33m.[39mid[33m,[39m
     [90m 25 |[39m       nome[33m:[39m [32m'User Seguran├ºa'[39m[33m,[39m
     [90m 26 |[39m       email[33m:[39m [32m'user@test.com'[39m[33m,[39m[0m

      at Query.run (node_modules/sequelize/src/dialects/postgres/query.js:76:25)
      at node_modules/sequelize/src/sequelize.js:650:28
      at PostgresQueryInterface.insert (node_modules/sequelize/src/dialects/abstract/query-interface.js:795:21)
      at model.save (node_modules/sequelize/src/model.js:4154:35)
      at Usuario.create (node_modules/sequelize/src/model.js:2305:12)
      at Object.<anonymous> (src/__tests__/security.test.js:23:12)

  ÔùÅ Testes de Seguran├ºa ÔÇ║ CORS ÔÇ║ Deve incluir headers CORS



    [0m [90m 21 |[39m     })[33m;[39m
     [90m 22 |[39m
    [31m[1m>[22m[39m[90m 23 |[39m     user [33m=[39m [36mawait[39m [33mUsuario[39m[33m.[39mcreate({
     [90m    |[39m            [31m[1m^[22m[39m
     [90m 24 |[39m       empresa_id[33m:[39m empresa[33m.[39mid[33m,[39m
     [90m 25 |[39m       nome[33m:[39m [32m'User Seguran├ºa'[39m[33m,[39m
     [90m 26 |[39m       email[33m:[39m [32m'user@test.com'[39m[33m,[39m[0m

      at Query.run (node_modules/sequelize/src/dialects/postgres/query.js:76:25)
      at node_modules/sequelize/src/sequelize.js:650:28
      at PostgresQueryInterface.insert (node_modules/sequelize/src/dialects/abstract/query-interface.js:795:21)
      at model.save (node_modules/sequelize/src/model.js:4154:35)
      at Usuario.create (node_modules/sequelize/src/model.js:2305:12)
      at Object.<anonymous> (src/__tests__/security.test.js:23:12)

FAIL src/__tests__/multi-tenant.test.js
  Testes de Isolamento Multi-Tenant
    Isolamento de Produtos
      ├ù Empresa 1 deve ver apenas seus 2 produtos (5 ms)
      ├ù Empresa 2 deve ver apenas seus 2 produtos
      ├ù Empresa 1 N├âO deve acessar produto da Empresa 2
      ├ù Empresa 2 N├âO deve acessar produto da Empresa 1
      ├ù Empresa 1 deve acessar seu pr├│prio produto
    Prote├º├úo contra Modifica├º├úo Cruzada
      ├ù Empresa 1 N├âO deve atualizar produto da Empresa 2
      ├ù Empresa 2 N├âO deve deletar produto da Empresa 1
      ├ù Empresa 1 deve atualizar seu pr├│prio produto
    Cria├º├úo de Dados Vinculados ├á Empresa Correta
      ├ù Produto criado deve ser vinculado ├á empresa do usu├írio logado
      ├ù Produto criado pela Empresa 2 N├âO deve ser vis├¡vel para Empresa 1
    Isolamento de Usu├írios
      ├ù Empresa 1 deve ver apenas seus usu├írios
      ├ù Empresa 2 deve ver apenas seus usu├írios
    Busca por C├│digo de Barras
      ├ù Empresa 1 deve encontrar produto pelo c├│digo de barras
      ├ù Empresa 1 N├âO deve encontrar produto da Empresa 2 pelo c├│digo

  ÔùÅ Testes de Isolamento Multi-Tenant ÔÇ║ Isolamento de Produtos ÔÇ║ Empresa 1 deve ver apenas seus 2 produtos



    [0m [90m 37 |[39m
     [90m 38 |[39m     [90m// Criar usu├írios[39m
    [31m[1m>[22m[39m[90m 39 |[39m     [36mconst[39m user1 [33m=[39m [36mawait[39m [33mUsuario[39m[33m.[39mcreate({
     [90m    |[39m                   [31m[1m^[22m[39m
     [90m 40 |[39m       empresa_id[33m:[39m empresa1[33m.[39mid[33m,[39m
     [90m 41 |[39m       nome[33m:[39m [32m'Admin Farm├ícia'[39m[33m,[39m
     [90m 42 |[39m       email[33m:[39m [32m'admin.farmacia@test.com'[39m[33m,[39m[0m

      at Query.run (node_modules/sequelize/src/dialects/postgres/query.js:76:25)
      at node_modules/sequelize/src/sequelize.js:650:28
      at PostgresQueryInterface.insert (node_modules/sequelize/src/dialects/abstract/query-interface.js:795:21)
      at model.save (node_modules/sequelize/src/model.js:4154:35)
      at Usuario.create (node_modules/sequelize/src/model.js:2305:12)
      at Object.<anonymous> (src/__tests__/multi-tenant.test.js:39:19)

  ÔùÅ Testes de Isolamento Multi-Tenant ÔÇ║ Isolamento de Produtos ÔÇ║ Empresa 2 deve ver apenas seus 2 produtos



    [0m [90m 37 |[39m
     [90m 38 |[39m     [90m// Criar usu├írios[39m
    [31m[1m>[22m[39m[90m 39 |[39m     [36mconst[39m user1 [33m=[39m [36mawait[39m [33mUsuario[39m[33m.[39mcreate({
     [90m    |[39m                   [31m[1m^[22m[39m
     [90m 40 |[39m       empresa_id[33m:[39m empresa1[33m.[39mid[33m,[39m
     [90m 41 |[39m       nome[33m:[39m [32m'Admin Farm├ícia'[39m[33m,[39m
     [90m 42 |[39m       email[33m:[39m [32m'admin.farmacia@test.com'[39m[33m,[39m[0m

      at Query.run (node_modules/sequelize/src/dialects/postgres/query.js:76:25)
      at node_modules/sequelize/src/sequelize.js:650:28
      at PostgresQueryInterface.insert (node_modules/sequelize/src/dialects/abstract/query-interface.js:795:21)
      at model.save (node_modules/sequelize/src/model.js:4154:35)
      at Usuario.create (node_modules/sequelize/src/model.js:2305:12)
      at Object.<anonymous> (src/__tests__/multi-tenant.test.js:39:19)

  ÔùÅ Testes de Isolamento Multi-Tenant ÔÇ║ Isolamento de Produtos ÔÇ║ Empresa 1 N├âO deve acessar produto da Empresa 2



    [0m [90m 37 |[39m
     [90m 38 |[39m     [90m// Criar usu├írios[39m
    [31m[1m>[22m[39m[90m 39 |[39m     [36mconst[39m user1 [33m=[39m [36mawait[39m [33mUsuario[39m[33m.[39mcreate({
     [90m    |[39m                   [31m[1m^[22m[39m
     [90m 40 |[39m       empresa_id[33m:[39m empresa1[33m.[39mid[33m,[39m
     [90m 41 |[39m       nome[33m:[39m [32m'Admin Farm├ícia'[39m[33m,[39m
     [90m 42 |[39m       email[33m:[39m [32m'admin.farmacia@test.com'[39m[33m,[39m[0m

      at Query.run (node_modules/sequelize/src/dialects/postgres/query.js:76:25)
      at node_modules/sequelize/src/sequelize.js:650:28
      at PostgresQueryInterface.insert (node_modules/sequelize/src/dialects/abstract/query-interface.js:795:21)
      at model.save (node_modules/sequelize/src/model.js:4154:35)
      at Usuario.create (node_modules/sequelize/src/model.js:2305:12)
      at Object.<anonymous> (src/__tests__/multi-tenant.test.js:39:19)

  ÔùÅ Testes de Isolamento Multi-Tenant ÔÇ║ Isolamento de Produtos ÔÇ║ Empresa 2 N├âO deve acessar produto da Empresa 1



    [0m [90m 37 |[39m
     [90m 38 |[39m     [90m// Criar usu├írios[39m
    [31m[1m>[22m[39m[90m 39 |[39m     [36mconst[39m user1 [33m=[39m [36mawait[39m [33mUsuario[39m[33m.[39mcreate({
     [90m    |[39m                   [31m[1m^[22m[39m
     [90m 40 |[39m       empresa_id[33m:[39m empresa1[33m.[39mid[33m,[39m
     [90m 41 |[39m       nome[33m:[39m [32m'Admin Farm├ícia'[39m[33m,[39m
     [90m 42 |[39m       email[33m:[39m [32m'admin.farmacia@test.com'[39m[33m,[39m[0m

      at Query.run (node_modules/sequelize/src/dialects/postgres/query.js:76:25)
      at node_modules/sequelize/src/sequelize.js:650:28
      at PostgresQueryInterface.insert (node_modules/sequelize/src/dialects/abstract/query-interface.js:795:21)
      at model.save (node_modules/sequelize/src/model.js:4154:35)
      at Usuario.create (node_modules/sequelize/src/model.js:2305:12)
      at Object.<anonymous> (src/__tests__/multi-tenant.test.js:39:19)

  ÔùÅ Testes de Isolamento Multi-Tenant ÔÇ║ Isolamento de Produtos ÔÇ║ Empresa 1 deve acessar seu pr├│prio produto



    [0m [90m 37 |[39m
     [90m 38 |[39m     [90m// Criar usu├írios[39m
    [31m[1m>[22m[39m[90m 39 |[39m     [36mconst[39m user1 [33m=[39m [36mawait[39m [33mUsuario[39m[33m.[39mcreate({
     [90m    |[39m                   [31m[1m^[22m[39m
     [90m 40 |[39m       empresa_id[33m:[39m empresa1[33m.[39mid[33m,[39m
     [90m 41 |[39m       nome[33m:[39m [32m'Admin Farm├ícia'[39m[33m,[39m
     [90m 42 |[39m       email[33m:[39m [32m'admin.farmacia@test.com'[39m[33m,[39m[0m

      at Query.run (node_modules/sequelize/src/dialects/postgres/query.js:76:25)
      at node_modules/sequelize/src/sequelize.js:650:28
      at PostgresQueryInterface.insert (node_modules/sequelize/src/dialects/abstract/query-interface.js:795:21)
      at model.save (node_modules/sequelize/src/model.js:4154:35)
      at Usuario.create (node_modules/sequelize/src/model.js:2305:12)
      at Object.<anonymous> (src/__tests__/multi-tenant.test.js:39:19)

  ÔùÅ Testes de Isolamento Multi-Tenant ÔÇ║ Prote├º├úo contra Modifica├º├úo Cruzada ÔÇ║ Empresa 1 N├âO deve atualizar produto da Empresa 2



    [0m [90m 37 |[39m
     [90m 38 |[39m     [90m// Criar usu├írios[39m
    [31m[1m>[22m[39m[90m 39 |[39m     [36mconst[39m user1 [33m=[39m [36mawait[39m [33mUsuario[39m[33m.[39mcreate({
     [90m    |[39m                   [31m[1m^[22m[39m
     [90m 40 |[39m       empresa_id[33m:[39m empresa1[33m.[39mid[33m,[39m
     [90m 41 |[39m       nome[33m:[39m [32m'Admin Farm├ícia'[39m[33m,[39m
     [90m 42 |[39m       email[33m:[39m [32m'admin.farmacia@test.com'[39m[33m,[39m[0m

      at Query.run (node_modules/sequelize/src/dialects/postgres/query.js:76:25)
      at node_modules/sequelize/src/sequelize.js:650:28
      at PostgresQueryInterface.insert (node_modules/sequelize/src/dialects/abstract/query-interface.js:795:21)
      at model.save (node_modules/sequelize/src/model.js:4154:35)
      at Usuario.create (node_modules/sequelize/src/model.js:2305:12)
      at Object.<anonymous> (src/__tests__/multi-tenant.test.js:39:19)

  ÔùÅ Testes de Isolamento Multi-Tenant ÔÇ║ Prote├º├úo contra Modifica├º├úo Cruzada ÔÇ║ Empresa 2 N├âO deve deletar produto da Empresa 1



    [0m [90m 37 |[39m
     [90m 38 |[39m     [90m// Criar usu├írios[39m
    [31m[1m>[22m[39m[90m 39 |[39m     [36mconst[39m user1 [33m=[39m [36mawait[39m [33mUsuario[39m[33m.[39mcreate({
     [90m    |[39m                   [31m[1m^[22m[39m
     [90m 40 |[39m       empresa_id[33m:[39m empresa1[33m.[39mid[33m,[39m
     [90m 41 |[39m       nome[33m:[39m [32m'Admin Farm├ícia'[39m[33m,[39m
     [90m 42 |[39m       email[33m:[39m [32m'admin.farmacia@test.com'[39m[33m,[39m[0m

      at Query.run (node_modules/sequelize/src/dialects/postgres/query.js:76:25)
      at node_modules/sequelize/src/sequelize.js:650:28
      at PostgresQueryInterface.insert (node_modules/sequelize/src/dialects/abstract/query-interface.js:795:21)
      at model.save (node_modules/sequelize/src/model.js:4154:35)
      at Usuario.create (node_modules/sequelize/src/model.js:2305:12)
      at Object.<anonymous> (src/__tests__/multi-tenant.test.js:39:19)

  ÔùÅ Testes de Isolamento Multi-Tenant ÔÇ║ Prote├º├úo contra Modifica├º├úo Cruzada ÔÇ║ Empresa 1 deve atualizar seu pr├│prio produto



    [0m [90m 37 |[39m
     [90m 38 |[39m     [90m// Criar usu├írios[39m
    [31m[1m>[22m[39m[90m 39 |[39m     [36mconst[39m user1 [33m=[39m [36mawait[39m [33mUsuario[39m[33m.[39mcreate({
     [90m    |[39m                   [31m[1m^[22m[39m
     [90m 40 |[39m       empresa_id[33m:[39m empresa1[33m.[39mid[33m,[39m
     [90m 41 |[39m       nome[33m:[39m [32m'Admin Farm├ícia'[39m[33m,[39m
     [90m 42 |[39m       email[33m:[39m [32m'admin.farmacia@test.com'[39m[33m,[39m[0m

      at Query.run (node_modules/sequelize/src/dialects/postgres/query.js:76:25)
      at node_modules/sequelize/src/sequelize.js:650:28
      at PostgresQueryInterface.insert (node_modules/sequelize/src/dialects/abstract/query-interface.js:795:21)
      at model.save (node_modules/sequelize/src/model.js:4154:35)
      at Usuario.create (node_modules/sequelize/src/model.js:2305:12)
      at Object.<anonymous> (src/__tests__/multi-tenant.test.js:39:19)

  ÔùÅ Testes de Isolamento Multi-Tenant ÔÇ║ Cria├º├úo de Dados Vinculados ├á Empresa Correta ÔÇ║ Produto criado deve ser vinculado ├á empresa do usu├írio logado



    [0m [90m 37 |[39m
     [90m 38 |[39m     [90m// Criar usu├írios[39m
    [31m[1m>[22m[39m[90m 39 |[39m     [36mconst[39m user1 [33m=[39m [36mawait[39m [33mUsuario[39m[33m.[39mcreate({
     [90m    |[39m                   [31m[1m^[22m[39m
     [90m 40 |[39m       empresa_id[33m:[39m empresa1[33m.[39mid[33m,[39m
     [90m 41 |[39m       nome[33m:[39m [32m'Admin Farm├ícia'[39m[33m,[39m
     [90m 42 |[39m       email[33m:[39m [32m'admin.farmacia@test.com'[39m[33m,[39m[0m

      at Query.run (node_modules/sequelize/src/dialects/postgres/query.js:76:25)
      at node_modules/sequelize/src/sequelize.js:650:28
      at PostgresQueryInterface.insert (node_modules/sequelize/src/dialects/abstract/query-interface.js:795:21)
      at model.save (node_modules/sequelize/src/model.js:4154:35)
      at Usuario.create (node_modules/sequelize/src/model.js:2305:12)
      at Object.<anonymous> (src/__tests__/multi-tenant.test.js:39:19)

  ÔùÅ Testes de Isolamento Multi-Tenant ÔÇ║ Cria├º├úo de Dados Vinculados ├á Empresa Correta ÔÇ║ Produto criado pela Empresa 2 N├âO deve ser vis├¡vel para Empresa 1



    [0m [90m 37 |[39m
     [90m 38 |[39m     [90m// Criar usu├írios[39m
    [31m[1m>[22m[39m[90m 39 |[39m     [36mconst[39m user1 [33m=[39m [36mawait[39m [33mUsuario[39m[33m.[39mcreate({
     [90m    |[39m                   [31m[1m^[22m[39m
     [90m 40 |[39m       empresa_id[33m:[39m empresa1[33m.[39mid[33m,[39m
     [90m 41 |[39m       nome[33m:[39m [32m'Admin Farm├ícia'[39m[33m,[39m
     [90m 42 |[39m       email[33m:[39m [32m'admin.farmacia@test.com'[39m[33m,[39m[0m

      at Query.run (node_modules/sequelize/src/dialects/postgres/query.js:76:25)
      at node_modules/sequelize/src/sequelize.js:650:28
      at PostgresQueryInterface.insert (node_modules/sequelize/src/dialects/abstract/query-interface.js:795:21)
      at model.save (node_modules/sequelize/src/model.js:4154:35)
      at Usuario.create (node_modules/sequelize/src/model.js:2305:12)
      at Object.<anonymous> (src/__tests__/multi-tenant.test.js:39:19)

  ÔùÅ Testes de Isolamento Multi-Tenant ÔÇ║ Isolamento de Usu├írios ÔÇ║ Empresa 1 deve ver apenas seus usu├írios



    [0m [90m 37 |[39m
     [90m 38 |[39m     [90m// Criar usu├írios[39m
    [31m[1m>[22m[39m[90m 39 |[39m     [36mconst[39m user1 [33m=[39m [36mawait[39m [33mUsuario[39m[33m.[39mcreate({
     [90m    |[39m                   [31m[1m^[22m[39m
     [90m 40 |[39m       empresa_id[33m:[39m empresa1[33m.[39mid[33m,[39m
     [90m 41 |[39m       nome[33m:[39m [32m'Admin Farm├ícia'[39m[33m,[39m
     [90m 42 |[39m       email[33m:[39m [32m'admin.farmacia@test.com'[39m[33m,[39m[0m

      at Query.run (node_modules/sequelize/src/dialects/postgres/query.js:76:25)
      at node_modules/sequelize/src/sequelize.js:650:28
      at PostgresQueryInterface.insert (node_modules/sequelize/src/dialects/abstract/query-interface.js:795:21)
      at model.save (node_modules/sequelize/src/model.js:4154:35)
      at Usuario.create (node_modules/sequelize/src/model.js:2305:12)
      at Object.<anonymous> (src/__tests__/multi-tenant.test.js:39:19)

  ÔùÅ Testes de Isolamento Multi-Tenant ÔÇ║ Isolamento de Usu├írios ÔÇ║ Empresa 2 deve ver apenas seus usu├írios



    [0m [90m 37 |[39m
     [90m 38 |[39m     [90m// Criar usu├írios[39m
    [31m[1m>[22m[39m[90m 39 |[39m     [36mconst[39m user1 [33m=[39m [36mawait[39m [33mUsuario[39m[33m.[39mcreate({
     [90m    |[39m                   [31m[1m^[22m[39m
     [90m 40 |[39m       empresa_id[33m:[39m empresa1[33m.[39mid[33m,[39m
     [90m 41 |[39m       nome[33m:[39m [32m'Admin Farm├ícia'[39m[33m,[39m
     [90m 42 |[39m       email[33m:[39m [32m'admin.farmacia@test.com'[39m[33m,[39m[0m

      at Query.run (node_modules/sequelize/src/dialects/postgres/query.js:76:25)
      at node_modules/sequelize/src/sequelize.js:650:28
      at PostgresQueryInterface.insert (node_modules/sequelize/src/dialects/abstract/query-interface.js:795:21)
      at model.save (node_modules/sequelize/src/model.js:4154:35)
      at Usuario.create (node_modules/sequelize/src/model.js:2305:12)
      at Object.<anonymous> (src/__tests__/multi-tenant.test.js:39:19)

  ÔùÅ Testes de Isolamento Multi-Tenant ÔÇ║ Busca por C├│digo de Barras ÔÇ║ Empresa 1 deve encontrar produto pelo c├│digo de barras



    [0m [90m 37 |[39m
     [90m 38 |[39m     [90m// Criar usu├írios[39m
    [31m[1m>[22m[39m[90m 39 |[39m     [36mconst[39m user1 [33m=[39m [36mawait[39m [33mUsuario[39m[33m.[39mcreate({
     [90m    |[39m                   [31m[1m^[22m[39m
     [90m 40 |[39m       empresa_id[33m:[39m empresa1[33m.[39mid[33m,[39m
     [90m 41 |[39m       nome[33m:[39m [32m'Admin Farm├ícia'[39m[33m,[39m
     [90m 42 |[39m       email[33m:[39m [32m'admin.farmacia@test.com'[39m[33m,[39m[0m

      at Query.run (node_modules/sequelize/src/dialects/postgres/query.js:76:25)
      at node_modules/sequelize/src/sequelize.js:650:28
      at PostgresQueryInterface.insert (node_modules/sequelize/src/dialects/abstract/query-interface.js:795:21)
      at model.save (node_modules/sequelize/src/model.js:4154:35)
      at Usuario.create (node_modules/sequelize/src/model.js:2305:12)
      at Object.<anonymous> (src/__tests__/multi-tenant.test.js:39:19)

  ÔùÅ Testes de Isolamento Multi-Tenant ÔÇ║ Busca por C├│digo de Barras ÔÇ║ Empresa 1 N├âO deve encontrar produto da Empresa 2 pelo c├│digo



    [0m [90m 37 |[39m
     [90m 38 |[39m     [90m// Criar usu├írios[39m
    [31m[1m>[22m[39m[90m 39 |[39m     [36mconst[39m user1 [33m=[39m [36mawait[39m [33mUsuario[39m[33m.[39mcreate({
     [90m    |[39m                   [31m[1m^[22m[39m
     [90m 40 |[39m       empresa_id[33m:[39m empresa1[33m.[39mid[33m,[39m
     [90m 41 |[39m       nome[33m:[39m [32m'Admin Farm├ícia'[39m[33m,[39m
     [90m 42 |[39m       email[33m:[39m [32m'admin.farmacia@test.com'[39m[33m,[39m[0m

      at Query.run (node_modules/sequelize/src/dialects/postgres/query.js:76:25)
      at node_modules/sequelize/src/sequelize.js:650:28
      at PostgresQueryInterface.insert (node_modules/sequelize/src/dialects/abstract/query-interface.js:795:21)
      at model.save (node_modules/sequelize/src/model.js:4154:35)
      at Usuario.create (node_modules/sequelize/src/model.js:2305:12)
      at Object.<anonymous> (src/__tests__/multi-tenant.test.js:39:19)

PASS src/__tests__/auth.test.js
  Testes de Autentica├º├úo
    POST /api/auth/login
      ÔêÜ Deve fazer login com credenciais v├ílidas (280 ms)
      ÔêÜ Deve retornar erro com senha incorreta (240 ms)
      ÔêÜ Deve retornar erro com email inexistente (260 ms)
      ÔêÜ Deve retornar erro sem email (4 ms)
      ÔêÜ Deve retornar erro sem senha (4 ms)
      ÔêÜ Deve incluir dados da empresa no login (242 ms)
    POST /api/auth/register
      ÔêÜ Deve registrar novo usu├írio (242 ms)
      ÔêÜ Deve retornar erro ao registrar email duplicado (5 ms)
    Prote├º├úo de Rotas Autenticadas
      ÔêÜ Deve bloquear acesso sem token (5 ms)
      ÔêÜ Deve bloquear acesso com token inv├ílido (4 ms)
      ÔêÜ Deve permitir acesso com token v├ílido (246 ms)

Test Suites: 2 failed, 1 passed, 3 total
Tests:       22 failed, 11 passed, 33 total
Snapshots:   0 total
Time:        4.548 s
Ran all test suites.
Force exiting Jest: Have you considered using `--detectOpenHandles` to detect async operations that kept running after all tests finished?
