
> pharma-dashboard-backend@1.0.0 test
> jest

